
> land-dashboard@0.1.0 build
> next build

Γû▓ Next.js 16.2.1 (Turbopack)
- Environments: .env

node.exe : ΓÜá The "middleware" file convention is 
deprecated. Please use "proxy" instead. Learn more: 
https://nextjs.org/docs/messages/middleware-to-proxy
At C:\Users\mdrim\AppData\Roaming\npm\npm.ps1:24 
char:5
+     & "node$exe"  
"$basedir/node_modules/npm/bin/npm-cli.js" $args
+     ~~~~~~~~~~~~~~~~~~~~~~~~~~~~~~~~~~~~~~~~~~~~~~~
~~~~~~~~~~~~~~~
    + CategoryInfo          : NotSpecified: (ΓÜá The 
    "middle...leware-to-proxy:String) [], RemoteExc  
  eption
    + FullyQualifiedErrorId : NativeCommandError
 
  Creating an optimized production build ...
Γ£ô Compiled successfully in 11.1s
  Running TypeScript ...
  Finished TypeScript in 4.5s ...
  Collecting page data using 7 workers ...
  Generating static pages using 7 workers (0/15) ...
  Generating static pages using 7 workers (3/15) 
prisma:query SELECT `main`.`CompanyAccount`.`id`, `main`.`CompanyAccount`.`balance` FROM `main`.`CompanyAccount` WHERE 1=1 LIMIT ? OFFSET ?
prisma:query SELECT SUM(`fineAmount`) AS `_sum$fineAmount` FROM (SELECT `main`.`Fine`.`fineAmount` FROM `main`.`Fine` WHERE 1=1 LIMIT ? OFFSET ?) AS `sub`
prisma:query SELECT SUM(`amount`) AS `_sum$amount` FROM (SELECT `main`.`Contribution`.`amount` FROM `main`.`Contribution` WHERE 1=1 LIMIT ? OFFSET ?) AS `sub`
prisma:query SELECT COUNT(*) AS `_count$_all` FROM (SELECT `main`.`Member`.`id` FROM `main`.`Member` WHERE 1=1 LIMIT ? OFFSET ?) AS `sub`
prisma:query SELECT SUM(`totalAmount`) AS `_sum$totalAmount` FROM (SELECT `main`.`Distribution`.`totalAmount` FROM `main`.`Distribution` WHERE 1=1 LIMIT ? OFFSET ?) AS `sub`
prisma:query SELECT SUM(`companyProfit`) AS `_sum$companyProfit`, SUM(`memberProfit`) AS `_sum$memberProfit` FROM (SELECT `main`.`Investment`.`companyProfit`, `main`.`Investment`.`memberProfit` FROM `main`.`Investment` WHERE 1=1 LIMIT ? OFFSET ?) AS `sub`
prisma:query SELECT SUM(`investmentAmount`) AS `_sum$investmentAmount` FROM (SELECT `main`.`Investment`.`investmentAmount` FROM `main`.`Investment` WHERE `main`.`Investment`.`status` <> ? LIMIT ? OFFSET ?) AS `sub`
prisma:query SELECT SUM(`remainingBalance`) AS `_sum$remainingBalance` FROM (SELECT `main`.`Loan`.`remainingBalance` FROM `main`.`Loan` WHERE 1=1 LIMIT ? OFFSET ?) AS `sub`
prisma:query SELECT SUM(`amount`) AS `_sum$amount` FROM (SELECT `main`.`Transaction`.`amount` FROM `main`.`Transaction` WHERE `main`.`Transaction`.`type` = ? LIMIT ? OFFSET ?) AS `sub`
prisma:query SELECT SUM(`amount`) AS `_sum$amount` FROM (SELECT `main`.`Transaction`.`amount` FROM `main`.`Transaction` WHERE (`main`.`Transaction`.`type` = ? AND `main`.`Transaction`.`memberId` IS NULL) LIMIT ? OFFSET ?) AS `sub`
prisma:query SELECT SUM(`amount`) AS `_sum$amount` FROM (SELECT `main`.`Expense`.`amount` FROM `main`.`Expense` WHERE 1=1 LIMIT ? OFFSET ?) AS `sub`
prisma:query SELECT `main`.`ActivityLog`.`id`, `main`.`ActivityLog`.`actionType`, `main`.`ActivityLog`.`description`, `main`.`ActivityLog`.`createdAt` FROM `main`.`ActivityLog` WHERE 1=1 ORDER BY `main`.`ActivityLog`.`createdAt` DESC LIMIT ? OFFSET ?
prisma:query SELECT `main`.`Transaction`.`id`, `main`.`Transaction`.`date`, `main`.`Transaction`.`amount`, `main`.`Transaction`.`type` FROM `main`.`Transaction` WHERE `main`.`Transaction`.`date` >= ? LIMIT ? OFFSET ?
  Generating static pages using 7 workers (7/15) 
  Generating static pages using 7 workers (11/15) 
Γ£ô Generating static pages using 7 workers (15/15) in 488ms
  Finalizing page optimization ...

Route (app)
Γöî Γùï /
Γö£ Γùï /_not-found
Γö£ ╞Æ /activity
Γö£ ╞Æ /api/auth/[...nextauth]
Γö£ ╞Æ /api/company/deposit
Γö£ ╞Æ /api/contributions
Γö£ ╞Æ /api/contributions/[id]
Γö£ ╞Æ /api/distributions
Γö£ ╞Æ /api/distributions/[id]
Γö£ ╞Æ /api/expenses
Γö£ ╞Æ /api/expenses/[id]
Γö£ ╞Æ /api/fines
Γö£ ╞Æ /api/fines/[id]
Γö£ ╞Æ /api/investments
Γö£ ╞Æ /api/investments/[id]
Γö£ ╞Æ /api/investments/[id]/profit
Γö£ ╞Æ /api/loans
Γö£ ╞Æ /api/loans/[id]
Γö£ ╞Æ /api/loans/[id]/repayments
Γö£ ╞Æ /api/members
Γö£ ╞Æ /api/members/[id]
Γö£ ╞Æ /api/members/[id]/withdraw
Γö£ ╞Æ /api/transactions
Γö£ ╞Æ /company
Γö£ ╞Æ /contributions
Γö£ ╞Æ /distributions
Γö£ ╞Æ /expenses
Γö£ ╞Æ /fines
Γö£ ╞Æ /investments
Γö£ ╞Æ /loans
Γö£ Γùï /login
Γö£ ╞Æ /members
Γö£ ╞Æ /members/[id]
Γö£ Γùï /reports
Γöö ╞Æ /transactions


╞Æ Proxy (Middleware)

Γùï  (Static)   prerendered as static content
╞Æ  (Dynamic)  server-rendered on demand

